#-----------------------------------------------------------
# Vivado v2022.2 (64-bit)
# SW Build 3671981 on Fri Oct 14 05:00:03 MDT 2022
# IP Build 3669848 on Fri Oct 14 08:30:02 MDT 2022
# Start of session at: Sun Dec 10 17:10:15 2023
# Process ID: 12760
# Current directory: C:/Users/Usuario/Desktop/LCSE/LCSE
# Command line: vivado.exe -gui_launcher_event rodinguilauncherevent19064 C:\Users\Usuario\Desktop\LCSE\LCSE\PracticaFinal.xpr
# Log file: C:/Users/Usuario/Desktop/LCSE/LCSE/vivado.log
# Journal file: C:/Users/Usuario/Desktop/LCSE/LCSE\vivado.jou
# Running On: DESKTOP-8NP5GKR, OS: Windows, CPU Frequency: 2803 MHz, CPU Physical cores: 4, Host memory: 8358 MB
#-----------------------------------------------------------
start_gui
open_project C:/Users/Usuario/Desktop/LCSE/LCSE/PracticaFinal.xpr
update_compile_order -fileset sources_1
export_ip_user_files -of_objects  [get_files C:/Users/Usuario/Desktop/LCSE/LCSE/PracticaFinal.srcs/sources_1/ip/fifo/fifo.xci] -no_script -reset -force -quiet
remove_files  C:/Users/Usuario/Desktop/LCSE/LCSE/PracticaFinal.srcs/sources_1/ip/fifo/fifo.xci
add_files -norecurse -scan_for_includes C:/Users/Usuario/Desktop/LCSE/LCSE/PracticaFinal.srcs/sources_1/ip/fifo/fifo.xci
export_ip_user_files -of_objects  [get_files  C:/Users/Usuario/Desktop/LCSE/LCSE/PracticaFinal.srcs/sources_1/ip/fifo/fifo.xci] -lib_map_path [list {modelsim=C:/Users/Usuario/Desktop/LCSE/LCSE/PracticaFinal.cache/compile_simlib/modelsim} {questa=C:/Users/Usuario/Desktop/LCSE/LCSE/PracticaFinal.cache/compile_simlib/questa} {riviera=C:/Users/Usuario/Desktop/LCSE/LCSE/PracticaFinal.cache/compile_simlib/riviera} {activehdl=C:/Users/Usuario/Desktop/LCSE/LCSE/PracticaFinal.cache/compile_simlib/activehdl}] -force -quiet
update_compile_order -fileset sources_1
launch_simulation
source PICtop_tb.tcl
close_sim
launch_simulation
source PICtop_tb.tcl
add_files -norecurse -scan_for_includes C:/Users/Usuario/Desktop/LCSE/LCSE/Nexys_MICRO.vhd
update_compile_order -fileset sources_1
# Disabling source management mode.  This is to allow the top design properties to be set without GUI intervention.
set_property source_mgmt_mode None [current_project]
set_property top nexys_MICRO [current_fileset]
# Re-enabling previously disabled source management mode.
set_property source_mgmt_mode All [current_project]
update_compile_order -fileset sources_1
add_files -fileset constrs_1 -norecurse C:/Users/Usuario/Desktop/LCSE/LCSE/Nexys_MICRO.xdc
export_ip_user_files -of_objects  [get_files C:/Users/Usuario/Desktop/LCSE/LCSE/Nexys_COMPLETE.xdc] -no_script -reset -force -quiet
remove_files  -fileset constrs_1 C:/Users/Usuario/Desktop/LCSE/LCSE/Nexys_COMPLETE.xdc
reset_run synth_1
launch_runs impl_1 -to_step write_bitstream -jobs 4
wait_on_run impl_1
reset_run synth_1
launch_runs impl_1 -to_step write_bitstream -jobs 4
wait_on_run impl_1
add_files -norecurse -scan_for_includes C:/Users/Usuario/Desktop/LCSE/LCSE/PracticaFinal.srcs/sources_1/ip/fifo/fifo.xci
close_sim
export_ip_user_files -of_objects  [get_files C:/Users/Usuario/Desktop/LCSE/LCSE/PRACTICA1MIRIAM/PRACTICA1MIRIAM/PRACTICA1MIRIAM.srcs/sources_1/ip/fifo/fifo.xci] -no_script -reset -force -quiet
remove_files  C:/Users/Usuario/Desktop/LCSE/LCSE/PRACTICA1MIRIAM/PRACTICA1MIRIAM/PRACTICA1MIRIAM.srcs/sources_1/ip/fifo/fifo.xci
update_compile_order -fileset sources_1
launch_simulation
source PICtop_tb.tcl
reset_run synth_1
launch_runs impl_1 -to_step write_bitstream -jobs 4
wait_on_run impl_1
open_hw_manager
connect_hw_server -allow_non_jtag
open_hw_target
set_property PROGRAM.FILE {C:/Users/Usuario/Desktop/LCSE/LCSE/PracticaFinal.runs/impl_1/nexys_MICRO.bit} [get_hw_devices xc7a100t_0]
current_hw_device [get_hw_devices xc7a100t_0]
refresh_hw_device -update_hw_probes false [lindex [get_hw_devices xc7a100t_0] 0]
set_property PROBES.FILE {} [get_hw_devices xc7a100t_0]
set_property FULL_PROBES.FILE {} [get_hw_devices xc7a100t_0]
set_property PROGRAM.FILE {C:/Users/Usuario/Desktop/LCSE/LCSE/PracticaFinal.runs/impl_1/nexys_MICRO.bit} [get_hw_devices xc7a100t_0]
program_hw_devices [get_hw_devices xc7a100t_0]
refresh_hw_device [lindex [get_hw_devices xc7a100t_0] 0]
close_hw_manager
# Disabling source management mode.  This is to allow the top design properties to be set without GUI intervention.
set_property source_mgmt_mode None [current_project]
set_property top RAM_top [current_fileset]
# Re-enabling previously disabled source management mode.
set_property source_mgmt_mode All [current_project]
update_compile_order -fileset sources_1
# Disabling source management mode.  This is to allow the top design properties to be set without GUI intervention.
set_property source_mgmt_mode None [current_project]
set_property top RAM_RST_tb [get_filesets sim_1]
set_property top_lib xil_defaultlib [get_filesets sim_1]
# Re-enabling previously disabled source management mode.
set_property source_mgmt_mode All [current_project]
update_compile_order -fileset sim_1
launch_simulation
source RAM_RST_tb.tcl
save_wave_config {C:/Users/Usuario/Desktop/LCSE/LCSE/RAM_tb.wcfg}
add_files -fileset sim_1 -norecurse C:/Users/Usuario/Desktop/LCSE/LCSE/RAM_tb.wcfg
set_property xsim.view {C:/Users/Usuario/Desktop/LCSE_PRACTICA2/PRACTICA2MIRIAM/RAM_RST_tb_behav.wcfg C:/Users/Usuario/Desktop/LCSE_PRACTICA2/PRACTICA2MIRIAM/PICtop_tb_behav.wcfg {C:/Users/Usuario/Desktop/CPUmodificada - sinCICLOSDELTA/PICtop_tb_behav.wcfg} C:/Users/Usuario/Desktop/SIMULACIONTB_PRACTICA2/DMA_tb_behav.wcfg C:/Users/Usuario/Desktop/LCSE/LCSE/PIC_final.wcfg C:/Users/Usuario/Desktop/LCSE/LCSE/RAM_tb.wcfg} [get_filesets sim_1]
close_sim
launch_simulation
open_wave_config C:/Users/Usuario/Desktop/LCSE/LCSE/RAM_tb.wcfg
source RAM_RST_tb.tcl
close_sim
launch_simulation
open_wave_config C:/Users/Usuario/Desktop/LCSE/LCSE/RAM_tb.wcfg
source RAM_RST_tb.tcl
# Disabling source management mode.  This is to allow the top design properties to be set without GUI intervention.
set_property source_mgmt_mode None [current_project]
set_property top TERNA [current_fileset]
# Re-enabling previously disabled source management mode.
set_property source_mgmt_mode All [current_project]
update_compile_order -fileset sources_1
# Disabling source management mode.  This is to allow the top design properties to be set without GUI intervention.
set_property source_mgmt_mode None [current_project]
set_property top DMA_tb [get_filesets sim_1]
set_property top_lib xil_defaultlib [get_filesets sim_1]
# Re-enabling previously disabled source management mode.
set_property source_mgmt_mode All [current_project]
update_compile_order -fileset sim_1
launch_simulation
open_wave_config C:/Users/Usuario/Desktop/LCSE/LCSE/RAM_tb.wcfg
source DMA_tb.tcl
current_sim simulation_6
set_property is_enabled false [get_files  C:/Users/Usuario/Desktop/LCSE/LCSE/RAM_tb.wcfg]
current_sim simulation_7
close_sim
launch_simulation
source DMA_tb.tcl
save_wave_config {C:/Users/Usuario/Desktop/LCSE/LCSE/DMA_tb_behav.wcfg}
add_files -fileset sim_1 -norecurse C:/Users/Usuario/Desktop/LCSE/LCSE/DMA_tb_behav.wcfg
set_property xsim.view {C:/Users/Usuario/Desktop/LCSE_PRACTICA2/PRACTICA2MIRIAM/RAM_RST_tb_behav.wcfg C:/Users/Usuario/Desktop/LCSE_PRACTICA2/PRACTICA2MIRIAM/PICtop_tb_behav.wcfg {C:/Users/Usuario/Desktop/CPUmodificada - sinCICLOSDELTA/PICtop_tb_behav.wcfg} C:/Users/Usuario/Desktop/SIMULACIONTB_PRACTICA2/DMA_tb_behav.wcfg C:/Users/Usuario/Desktop/LCSE/LCSE/PIC_final.wcfg C:/Users/Usuario/Desktop/LCSE/LCSE/RAM_tb.wcfg C:/Users/Usuario/Desktop/LCSE/LCSE/DMA_tb_behav.wcfg} [get_filesets sim_1]
close_sim
launch_simulation
open_wave_config C:/Users/Usuario/Desktop/LCSE/LCSE/DMA_tb_behav.wcfg
source DMA_tb.tcl
save_wave_config {C:/Users/Usuario/Desktop/LCSE/LCSE/RAM_tb.wcfg}
close_sim
current_sim simulation_6
close_sim
close_sim
launch_simulation
open_wave_config C:/Users/Usuario/Desktop/LCSE/LCSE/DMA_tb_behav.wcfg
source DMA_tb.tcl
close_sim
launch_simulation
open_wave_config C:/Users/Usuario/Desktop/LCSE/LCSE/DMA_tb_behav.wcfg
source DMA_tb.tcl
save_wave_config {C:/Users/Usuario/Desktop/LCSE/LCSE/DMA_tb_behav.wcfg}
close_sim
launch_simulation
open_wave_config C:/Users/Usuario/Desktop/LCSE/LCSE/DMA_tb_behav.wcfg
source DMA_tb.tcl
save_wave_config {C:/Users/Usuario/Desktop/LCSE/LCSE/DMA_tb_behav.wcfg}
close_sim
launch_simulation
open_wave_config C:/Users/Usuario/Desktop/LCSE/LCSE/DMA_tb_behav.wcfg
source DMA_tb.tcl
save_wave_config {C:/Users/Usuario/Desktop/LCSE/LCSE/DMA_tb_behav.wcfg}
close_sim
launch_simulation
open_wave_config C:/Users/Usuario/Desktop/LCSE/LCSE/DMA_tb_behav.wcfg
source DMA_tb.tcl
save_wave_config {C:/Users/Usuario/Desktop/LCSE/LCSE/DMA_tb_behav.wcfg}
close_sim
launch_simulation
open_wave_config C:/Users/Usuario/Desktop/LCSE/LCSE/DMA_tb_behav.wcfg
source DMA_tb.tcl
close_sim
launch_simulation
open_wave_config C:/Users/Usuario/Desktop/LCSE/LCSE/DMA_tb_behav.wcfg
source DMA_tb.tcl
close_sim
launch_simulation
open_wave_config C:/Users/Usuario/Desktop/LCSE/LCSE/DMA_tb_behav.wcfg
source DMA_tb.tcl
save_wave_config {C:/Users/Usuario/Desktop/LCSE/LCSE/DMA_tb_behav.wcfg}
close_sim
launch_simulation
open_wave_config C:/Users/Usuario/Desktop/LCSE/LCSE/DMA_tb_behav.wcfg
source DMA_tb.tcl
save_wave_config {C:/Users/Usuario/Desktop/LCSE/LCSE/DMA_tb_behav.wcfg}
close_sim
launch_simulation
open_wave_config C:/Users/Usuario/Desktop/LCSE/LCSE/DMA_tb_behav.wcfg
source DMA_tb.tcl
