Copyright 1986-2022 Xilinx, Inc. All Rights Reserved.
----------------------------------------------------------------------------------------
| Tool Version : Vivado v.2022.2 (win64) Build 3671981 Fri Oct 14 05:00:03 MDT 2022
| Date         : Sun Dec 10 17:41:13 2023
| Host         : DESKTOP-8NP5GKR running 64-bit major release  (build 9200)
| Command      : report_control_sets -verbose -file nexys_MICRO_control_sets_placed.rpt
| Design       : nexys_MICRO
| Device       : xc7a100t
----------------------------------------------------------------------------------------

Control Set Information

Table of Contents
-----------------
1. Summary
2. Histogram
3. Flip-Flop Distribution
4. Detailed Control Set Information

1. Summary
----------

+----------------------------------------------------------+-------+
|                          Status                          | Count |
+----------------------------------------------------------+-------+
| Total control sets                                       |   281 |
|    Minimum number of control sets                        |   281 |
|    Addition due to synthesis replication                 |     0 |
|    Addition due to physical synthesis replication        |     0 |
| Unused register locations in slices containing registers |    88 |
+----------------------------------------------------------+-------+
* Control sets can be merged at opt_design using control_set_merge or merge_equivalent_drivers
** Run report_qor_suggestions for automated merging and remapping suggestions


2. Histogram
------------

+--------------------+-------+
|       Fanout       | Count |
+--------------------+-------+
| Total control sets |   281 |
| >= 0 to < 4        |     1 |
| >= 4 to < 6        |     1 |
| >= 6 to < 8        |     0 |
| >= 8 to < 10       |   273 |
| >= 10 to < 12      |     0 |
| >= 12 to < 14      |     0 |
| >= 14 to < 16      |     0 |
| >= 16              |     6 |
+--------------------+-------+
* Control sets can be remapped at either synth_design or opt_design


3. Flip-Flop Distribution
-------------------------

+--------------+-----------------------+------------------------+-----------------+--------------+
| Clock Enable | Synchronous Set/Reset | Asynchronous Set/Reset | Total Registers | Total Slices |
+--------------+-----------------------+------------------------+-----------------+--------------+
| No           | No                    | No                     |              28 |           14 |
| No           | No                    | Yes                    |              68 |           30 |
| No           | Yes                   | No                     |              12 |            5 |
| Yes          | No                    | No                     |              36 |           15 |
| Yes          | No                    | Yes                    |            2248 |          825 |
| Yes          | Yes                   | No                     |              32 |            9 |
+--------------+-----------------------+------------------------+-----------------+--------------+


4. Detailed Control Set Information
-----------------------------------

+----------------------------------+-----------------------------------------------------------------------------------------------------------------------------------------------+------------------------------------------------------+------------------+----------------+--------------+
|           Clock Signal           |                                                                 Enable Signal                                                                 |                   Set/Reset Signal                   | Slice Load Count | Bel Load Count | Bels / Slice |
+----------------------------------+-----------------------------------------------------------------------------------------------------------------------------------------------+------------------------------------------------------+------------------+----------------+--------------+
|  clk_20MHz/inst/clk_out1         |                                                                                                                                               |                                                      |                1 |              1 |         1.00 |
|  clk_20MHz/inst/clk_out1         | UUT/TERNA_PHY/DMA_PHY/FSM_sequential_estado[3]_i_1_n_1                                                                                        |                                                      |                3 |              4 |         1.33 |
|  clk_20MHz/inst/clk_out1         | UUT/CPU_PHY/Address_reg[1]_29[0]                                                                                                              | BTNU_driver/BTNU_driv                                |                2 |              8 |         4.00 |
|  clk_20MHz/inst/clk_out1         | UUT/CPU_PHY/contents_ram[254][7]_i_6_11[0]                                                                                                    | BTNU_driver/BTNU_driv                                |                2 |              8 |         4.00 |
|  clk_20MHz/inst/clk_out1         | UUT/CPU_PHY/contents_ram[254][7]_i_6_2[0]                                                                                                     | BTNU_driver/BTNU_driv                                |                1 |              8 |         8.00 |
|  clk_20MHz/inst/clk_out1         | UUT/CPU_PHY/contents_ram[254][7]_i_7_0[0]                                                                                                     | BTNU_driver/BTNU_driv                                |                6 |              8 |         1.33 |
|  clk_20MHz/inst/clk_out1         | UUT/TERNA_PHY/RS232_PHY/Internal_memory/U0/inst_fifo_gen/gconvfifo.rf/grf.rf/gntv_or_sync_fifo.gl0.rd/gr1.gr1_int.rfwft/ram_empty_fb_i_reg[0] | BTNU_driver/BTNU_driv                                |                3 |              8 |         2.67 |
|  clk_20MHz/inst/clk_out1         | UUT/TERNA_PHY/RS232_PHY/Internal_memory/U0/inst_fifo_gen/gconvfifo.rf/grf.rf/gntv_or_sync_fifo.gl0.rd/gr1.gr1_int.rfwft/E[0]                  | BTNU_driver/BTNU_driv                                |                2 |              8 |         4.00 |
|  clk_20MHz/inst/clk_out1         | UUT/TERNA_PHY/RS232_PHY/Internal_memory/U0/inst_fifo_gen/gconvfifo.rf/grf.rf/gntv_or_sync_fifo.gl0.wr/gwss.wsts/E[0]                          | BTNU_driver/BTNU_driv                                |                2 |              8 |         4.00 |
|  clk_20MHz/inst/clk_out1         | UUT/TERNA_PHY/DMA_PHY/Databus_tristate_oe[7]_i_2_n_1                                                                                          | UUT/TERNA_PHY/DMA_PHY/Databus_tristate_oe[7]_i_1_n_1 |                2 |              8 |         4.00 |
|  clk_20MHz/inst/clk_out1         | UUT/TERNA_PHY/DMA_PHY/TX_Data[7]_i_1_n_1                                                                                                      | BTNU_driver/BTNU_driv                                |                3 |              8 |         2.67 |
|  clk_20MHz/inst/clk_out1         | UUT/CPU_PHY/INS_reg0                                                                                                                          |                                                      |                2 |              8 |         4.00 |
|  clk_20MHz/inst/clk_out1         | UUT/CPU_PHY/contents_ram[254][7]_i_7_6[0]                                                                                                     | BTNU_driver/BTNU_driv                                |                1 |              8 |         8.00 |
|  clk_20MHz/inst/clk_out1         | UUT/CPU_PHY/TMP_reg0                                                                                                                          |                                                      |                3 |              8 |         2.67 |
|  clk_20MHz/inst/clk_out1         | UUT/CPU_PHY/Address_reg[0]_5[0]                                                                                                               | BTNU_driver/BTNU_driv                                |                3 |              8 |         2.67 |
|  clk_20MHz/inst/clk_out1         | UUT/CPU_PHY/Address_reg[0]_8[0]                                                                                                               | BTNU_driver/BTNU_driv                                |                3 |              8 |         2.67 |
|  clk_20MHz/inst/clk_out1         | UUT/CPU_PHY/Address_reg[0]_0[0]                                                                                                               | BTNU_driver/BTNU_driv                                |                4 |              8 |         2.00 |
|  clk_20MHz/inst/clk_out1         | UUT/CPU_PHY/Address_reg[0]_10[0]                                                                                                              | BTNU_driver/BTNU_driv                                |                1 |              8 |         8.00 |
|  clk_20MHz/inst/clk_out1         | UUT/CPU_PHY/contents_ram[39][7]_i_3_1[0]                                                                                                      | BTNU_driver/BTNU_driv                                |                3 |              8 |         2.67 |
|  clk_20MHz/inst/clk_out1         | UUT/CPU_PHY/Address_reg[0]_3[0]                                                                                                               | BTNU_driver/BTNU_driv                                |                2 |              8 |         4.00 |
|  clk_20MHz/inst/clk_out1         | UUT/CPU_PHY/Address_reg[0]_4[0]                                                                                                               | BTNU_driver/BTNU_driv                                |                4 |              8 |         2.00 |
|  clk_20MHz/inst/clk_out1         | UUT/CPU_PHY/Address_reg[1]_10[0]                                                                                                              | BTNU_driver/BTNU_driv                                |                2 |              8 |         4.00 |
|  clk_20MHz/inst/clk_out1         | UUT/CPU_PHY/Address_reg[1]_7[0]                                                                                                               | BTNU_driver/BTNU_driv                                |                1 |              8 |         8.00 |
|  clk_20MHz/inst/clk_out1         | UUT/CPU_PHY/Address_reg[2]_10[0]                                                                                                              | BTNU_driver/BTNU_driv                                |                3 |              8 |         2.67 |
|  clk_20MHz/inst/clk_out1         | UUT/CPU_PHY/Address_reg[2]_14[0]                                                                                                              | BTNU_driver/BTNU_driv                                |                4 |              8 |         2.00 |
|  clk_20MHz/inst/clk_out1         | UUT/CPU_PHY/Address_reg[1]_19[0]                                                                                                              | BTNU_driver/BTNU_driv                                |                1 |              8 |         8.00 |
|  clk_20MHz/inst/clk_out1         | UUT/CPU_PHY/Address_reg[2]_8[0]                                                                                                               | BTNU_driver/BTNU_driv                                |                2 |              8 |         4.00 |
|  clk_20MHz/inst/clk_out1         | UUT/CPU_PHY/Address_reg[2]_2[0]                                                                                                               | BTNU_driver/BTNU_driv                                |                2 |              8 |         4.00 |
|  clk_20MHz/inst/clk_out1         | UUT/CPU_PHY/INS_reg_reg[0]_14[0]                                                                                                              | BTNU_driver/BTNU_driv                                |                4 |              8 |         2.00 |
|  clk_20MHz/inst/clk_out1         | UUT/CPU_PHY/Address_reg[1]_25[0]                                                                                                              | BTNU_driver/BTNU_driv                                |                1 |              8 |         8.00 |
|  clk_20MHz/inst/clk_out1         | UUT/CPU_PHY/Address_reg[1]_0[0]                                                                                                               | BTNU_driver/BTNU_driv                                |                3 |              8 |         2.67 |
|  clk_20MHz/inst/clk_out1         | UUT/CPU_PHY/Address_reg[1]_2[0]                                                                                                               | BTNU_driver/BTNU_driv                                |                3 |              8 |         2.67 |
|  clk_20MHz/inst/clk_out1         | UUT/CPU_PHY/Address_reg[1]_23[0]                                                                                                              | BTNU_driver/BTNU_driv                                |                2 |              8 |         4.00 |
|  clk_20MHz/inst/clk_out1         | UUT/CPU_PHY/Address_reg[1]_24[0]                                                                                                              | BTNU_driver/BTNU_driv                                |                2 |              8 |         4.00 |
|  clk_20MHz/inst/clk_out1         | UUT/CPU_PHY/Address_reg[1]_28[0]                                                                                                              | BTNU_driver/BTNU_driv                                |                2 |              8 |         4.00 |
|  clk_20MHz/inst/clk_out1         | UUT/CPU_PHY/INS_reg_reg[0]_11[0]                                                                                                              | BTNU_driver/BTNU_driv                                |                2 |              8 |         4.00 |
|  clk_20MHz/inst/clk_out1         | UUT/CPU_PHY/Address_reg[1]_3[0]                                                                                                               | BTNU_driver/BTNU_driv                                |                1 |              8 |         8.00 |
|  clk_20MHz/inst/clk_out1         | UUT/CPU_PHY/Address_reg[1]_30[0]                                                                                                              | BTNU_driver/BTNU_driv                                |                3 |              8 |         2.67 |
|  clk_20MHz/inst/clk_out1         | UUT/CPU_PHY/Address_reg[1]_12[0]                                                                                                              | BTNU_driver/BTNU_driv                                |                1 |              8 |         8.00 |
|  clk_20MHz/inst/clk_out1         | UUT/CPU_PHY/Address_reg[1]_4[0]                                                                                                               | BTNU_driver/BTNU_driv                                |                3 |              8 |         2.67 |
|  clk_20MHz/inst/clk_out1         | UUT/CPU_PHY/contents_ram[254][7]_i_6_3[0]                                                                                                     | BTNU_driver/BTNU_driv                                |                3 |              8 |         2.67 |
|  clk_20MHz/inst/clk_out1         | UUT/CPU_PHY/Address_reg[1]_9[0]                                                                                                               | BTNU_driver/BTNU_driv                                |                3 |              8 |         2.67 |
|  clk_20MHz/inst/clk_out1         | UUT/CPU_PHY/Address_reg[2]_1[0]                                                                                                               | BTNU_driver/BTNU_driv                                |                3 |              8 |         2.67 |
|  clk_20MHz/inst/clk_out1         | UUT/CPU_PHY/Address_reg[1]_15[0]                                                                                                              | BTNU_driver/BTNU_driv                                |                1 |              8 |         8.00 |
|  clk_20MHz/inst/clk_out1         | UUT/CPU_PHY/Address_reg[0]_6[0]                                                                                                               | BTNU_driver/BTNU_driv                                |                2 |              8 |         4.00 |
|  clk_20MHz/inst/clk_out1         | UUT/CPU_PHY/Address_reg[1]_6[0]                                                                                                               | BTNU_driver/BTNU_driv                                |                5 |              8 |         1.60 |
|  clk_20MHz/inst/clk_out1         | UUT/CPU_PHY/Address_reg[2]_12[0]                                                                                                              | BTNU_driver/BTNU_driv                                |                4 |              8 |         2.00 |
|  clk_20MHz/inst/clk_out1         | UUT/CPU_PHY/Address_reg[0]_7[0]                                                                                                               | BTNU_driver/BTNU_driv                                |                3 |              8 |         2.67 |
|  clk_20MHz/inst/clk_out1         | UUT/CPU_PHY/Address_reg[1]_14[0]                                                                                                              | BTNU_driver/BTNU_driv                                |                2 |              8 |         4.00 |
|  clk_20MHz/inst/clk_out1         | UUT/CPU_PHY/Address_reg[1]_18[0]                                                                                                              | BTNU_driver/BTNU_driv                                |                4 |              8 |         2.00 |
|  clk_20MHz/inst/clk_out1         | UUT/CPU_PHY/contents_ram[252][7]_i_3_9[0]                                                                                                     | BTNU_driver/BTNU_driv                                |                2 |              8 |         4.00 |
|  clk_20MHz/inst/clk_out1         | UUT/CPU_PHY/Address_reg[1]_17[0]                                                                                                              | BTNU_driver/BTNU_driv                                |                4 |              8 |         2.00 |
|  clk_20MHz/inst/clk_out1         | UUT/CPU_PHY/Address_reg[1]_26[0]                                                                                                              | BTNU_driver/BTNU_driv                                |                2 |              8 |         4.00 |
|  clk_20MHz/inst/clk_out1         | UUT/CPU_PHY/Address_reg[1]_31[0]                                                                                                              | BTNU_driver/BTNU_driv                                |                1 |              8 |         8.00 |
|  clk_20MHz/inst/clk_out1         | UUT/CPU_PHY/Address_reg[0]_9[0]                                                                                                               | BTNU_driver/BTNU_driv                                |                2 |              8 |         4.00 |
|  clk_20MHz/inst/clk_out1         | UUT/CPU_PHY/Address_reg[1]_1[0]                                                                                                               | BTNU_driver/BTNU_driv                                |                2 |              8 |         4.00 |
|  clk_20MHz/inst/clk_out1         | UUT/CPU_PHY/Address_reg[2]_0[0]                                                                                                               | BTNU_driver/BTNU_driv                                |                1 |              8 |         8.00 |
|  clk_20MHz/inst/clk_out1         | UUT/CPU_PHY/Address_reg[2]_15[0]                                                                                                              | BTNU_driver/BTNU_driv                                |                3 |              8 |         2.67 |
|  clk_20MHz/inst/clk_out1         | UUT/CPU_PHY/Address_reg[2]_3[0]                                                                                                               | BTNU_driver/BTNU_driv                                |                4 |              8 |         2.00 |
|  clk_20MHz/inst/clk_out1         | UUT/CPU_PHY/Address_reg[1]_16[0]                                                                                                              | BTNU_driver/BTNU_driv                                |                1 |              8 |         8.00 |
|  clk_20MHz/inst/clk_out1         | UUT/CPU_PHY/Address_reg[2]_6[0]                                                                                                               | BTNU_driver/BTNU_driv                                |                3 |              8 |         2.67 |
|  clk_20MHz/inst/clk_out1         | UUT/CPU_PHY/E[0]                                                                                                                              | BTNU_driver/BTNU_driv                                |                3 |              8 |         2.67 |
|  clk_20MHz/inst/clk_out1         | UUT/CPU_PHY/FSM_sequential_current_state_reg[0]_1[0]                                                                                          | BTNU_driver/BTNU_driv                                |                3 |              8 |         2.67 |
|  clk_20MHz/inst/clk_out1         | UUT/CPU_PHY/Address_reg[1]_27[0]                                                                                                              | BTNU_driver/BTNU_driv                                |                3 |              8 |         2.67 |
|  clk_20MHz/inst/clk_out1         | UUT/CPU_PHY/Address_reg[1]_11[0]                                                                                                              | BTNU_driver/BTNU_driv                                |                6 |              8 |         1.33 |
|  clk_20MHz/inst/clk_out1         | UUT/CPU_PHY/Address_reg[1]_8[0]                                                                                                               | BTNU_driver/BTNU_driv                                |                1 |              8 |         8.00 |
|  clk_20MHz/inst/clk_out1         | UUT/CPU_PHY/Address_reg[2]_11[0]                                                                                                              | BTNU_driver/BTNU_driv                                |                3 |              8 |         2.67 |
|  clk_20MHz/inst/clk_out1         | UUT/CPU_PHY/INS_reg_reg[0]_1[0]                                                                                                               | BTNU_driver/BTNU_driv                                |                4 |              8 |         2.00 |
|  clk_20MHz/inst/clk_out1         | UUT/CPU_PHY/INS_reg_reg[0]_10[0]                                                                                                              | BTNU_driver/BTNU_driv                                |                2 |              8 |         4.00 |
|  clk_20MHz/inst/clk_out1         | UUT/CPU_PHY/Address_reg[2]_9[0]                                                                                                               | BTNU_driver/BTNU_driv                                |                5 |              8 |         1.60 |
|  clk_20MHz/inst/clk_out1         | UUT/CPU_PHY/contents_ram[252][7]_i_3_16[0]                                                                                                    | BTNU_driver/BTNU_driv                                |                2 |              8 |         4.00 |
|  clk_20MHz/inst/clk_out1         | UUT/TERNA_PHY/RS232_PHY/Transmitter/word0                                                                                                     |                                                      |                2 |              8 |         4.00 |
|  clk_20MHz/inst/clk_out1         | UUT/CPU_PHY/INS_reg_reg[0]_12[0]                                                                                                              | BTNU_driver/BTNU_driv                                |                2 |              8 |         4.00 |
|  clk_20MHz/inst/clk_out1         | UUT/CPU_PHY/INS_reg_reg[0]_13[0]                                                                                                              | BTNU_driver/BTNU_driv                                |                4 |              8 |         2.00 |
|  clk_20MHz/inst/clk_out1         | UUT/CPU_PHY/Address_reg[2]_13[0]                                                                                                              | BTNU_driver/BTNU_driv                                |                2 |              8 |         4.00 |
|  clk_20MHz/inst/clk_out1         | UUT/CPU_PHY/Address_reg[1]_5[0]                                                                                                               | BTNU_driver/BTNU_driv                                |                2 |              8 |         4.00 |
|  clk_20MHz/inst/clk_out1         | UUT/TERNA_PHY/RS232_PHY/Transmitter/E[0]                                                                                                      | BTNU_driver/BTNU_driv                                |                2 |              8 |         4.00 |
|  clk_20MHz/inst/clk_out1         | UUT/CPU_PHY/INS_reg_reg[0]_2[0]                                                                                                               | BTNU_driver/BTNU_driv                                |                2 |              8 |         4.00 |
|  clk_20MHz/inst/clk_out1         | UUT/CPU_PHY/INS_reg_reg[0]_18[0]                                                                                                              | BTNU_driver/BTNU_driv                                |                4 |              8 |         2.00 |
|  clk_20MHz/inst/clk_out1         | UUT/CPU_PHY/INS_reg_reg[0]_15[0]                                                                                                              | BTNU_driver/BTNU_driv                                |                2 |              8 |         4.00 |
|  clk_20MHz/inst/clk_out1         | UUT/CPU_PHY/INS_reg_reg[0]_16[0]                                                                                                              | BTNU_driver/BTNU_driv                                |                2 |              8 |         4.00 |
|  clk_20MHz/inst/clk_out1         | UUT/CPU_PHY/INS_reg_reg[0]_6[0]                                                                                                               | BTNU_driver/BTNU_driv                                |                3 |              8 |         2.67 |
|  clk_20MHz/inst/clk_out1         | UUT/CPU_PHY/INS_reg_reg[0]_19[0]                                                                                                              | BTNU_driver/BTNU_driv                                |                6 |              8 |         1.33 |
|  clk_20MHz/inst/clk_out1         | UUT/CPU_PHY/INS_reg_reg[0]_17[0]                                                                                                              | BTNU_driver/BTNU_driv                                |                4 |              8 |         2.00 |
|  clk_20MHz/inst/clk_out1         | UUT/CPU_PHY/INS_reg_reg[0]_7[0]                                                                                                               | BTNU_driver/BTNU_driv                                |                2 |              8 |         4.00 |
|  clk_20MHz/inst/clk_out1         | UUT/CPU_PHY/INS_reg_reg[0]_4[0]                                                                                                               | BTNU_driver/BTNU_driv                                |                5 |              8 |         1.60 |
|  clk_20MHz/inst/clk_out1         | UUT/CPU_PHY/INS_reg_reg[0]_5[0]                                                                                                               | BTNU_driver/BTNU_driv                                |                1 |              8 |         8.00 |
|  clk_20MHz/inst/clk_out1         | UUT/CPU_PHY/INS_reg_reg[0]_3[0]                                                                                                               | BTNU_driver/BTNU_driv                                |                3 |              8 |         2.67 |
|  clk_20MHz/inst/clk_out1         | UUT/CPU_PHY/Write_en_reg_10[0]                                                                                                                | BTNU_driver/BTNU_driv                                |                3 |              8 |         2.67 |
|  clk_20MHz/inst/clk_out1         | UUT/CPU_PHY/Write_en_reg_12[0]                                                                                                                | BTNU_driver/BTNU_driv                                |                4 |              8 |         2.00 |
|  clk_20MHz/inst/clk_out1         | UUT/CPU_PHY/TMP_reg_reg[6]_14[0]                                                                                                              | BTNU_driver/BTNU_driv                                |                5 |              8 |         1.60 |
|  clk_20MHz/inst/clk_out1         | UUT/CPU_PHY/TMP_reg_reg[6]_25[0]                                                                                                              | BTNU_driver/BTNU_driv                                |                3 |              8 |         2.67 |
|  clk_20MHz/inst/clk_out1         | UUT/CPU_PHY/Write_en_reg_11[0]                                                                                                                | BTNU_driver/BTNU_driv                                |                3 |              8 |         2.67 |
|  clk_20MHz/inst/clk_out1         | UUT/CPU_PHY/TMP_reg_reg[6]_15[0]                                                                                                              | BTNU_driver/BTNU_driv                                |                5 |              8 |         1.60 |
|  clk_20MHz/inst/clk_out1         | UUT/CPU_PHY/TMP_reg_reg[6]_2[0]                                                                                                               | BTNU_driver/BTNU_driv                                |                3 |              8 |         2.67 |
|  clk_20MHz/inst/clk_out1         | UUT/CPU_PHY/TMP_reg_reg[6]_29[0]                                                                                                              | BTNU_driver/BTNU_driv                                |                3 |              8 |         2.67 |
|  clk_20MHz/inst/clk_out1         | UUT/CPU_PHY/TMP_reg_reg[6]_3[0]                                                                                                               | BTNU_driver/BTNU_driv                                |                2 |              8 |         4.00 |
|  clk_20MHz/inst/clk_out1         | UUT/CPU_PHY/TMP_reg_reg[6]_9[0]                                                                                                               | BTNU_driver/BTNU_driv                                |                5 |              8 |         1.60 |
|  clk_20MHz/inst/clk_out1         | UUT/CPU_PHY/TMP_reg_reg[6]_30[0]                                                                                                              | BTNU_driver/BTNU_driv                                |                5 |              8 |         1.60 |
|  clk_20MHz/inst/clk_out1         | UUT/CPU_PHY/TMP_reg_reg[7]_1[0]                                                                                                               | BTNU_driver/BTNU_driv                                |                3 |              8 |         2.67 |
|  clk_20MHz/inst/clk_out1         | UUT/CPU_PHY/TMP_reg_reg[6]_4[0]                                                                                                               | BTNU_driver/BTNU_driv                                |                4 |              8 |         2.00 |
|  clk_20MHz/inst/clk_out1         | UUT/CPU_PHY/TMP_reg_reg[6]_5[0]                                                                                                               | BTNU_driver/BTNU_driv                                |                2 |              8 |         4.00 |
|  clk_20MHz/inst/clk_out1         | UUT/CPU_PHY/TMP_reg_reg[6]_8[0]                                                                                                               | BTNU_driver/BTNU_driv                                |                5 |              8 |         1.60 |
|  clk_20MHz/inst/clk_out1         | UUT/CPU_PHY/TMP_reg_reg[6]_11[0]                                                                                                              | BTNU_driver/BTNU_driv                                |                5 |              8 |         1.60 |
|  clk_20MHz/inst/clk_out1         | UUT/CPU_PHY/TMP_reg_reg[6]_12[0]                                                                                                              | BTNU_driver/BTNU_driv                                |                2 |              8 |         4.00 |
|  clk_20MHz/inst/clk_out1         | UUT/CPU_PHY/TMP_reg_reg[6]_19[0]                                                                                                              | BTNU_driver/BTNU_driv                                |                4 |              8 |         2.00 |
|  clk_20MHz/inst/clk_out1         | UUT/CPU_PHY/TMP_reg_reg[6]_21[0]                                                                                                              | BTNU_driver/BTNU_driv                                |                3 |              8 |         2.67 |
|  clk_20MHz/inst/clk_out1         | UUT/CPU_PHY/TMP_reg_reg[6]_22[0]                                                                                                              | BTNU_driver/BTNU_driv                                |                2 |              8 |         4.00 |
|  clk_20MHz/inst/clk_out1         | UUT/CPU_PHY/TMP_reg_reg[6]_23[0]                                                                                                              | BTNU_driver/BTNU_driv                                |                5 |              8 |         1.60 |
|  clk_20MHz/inst/clk_out1         | UUT/CPU_PHY/TMP_reg_reg[6]_28[0]                                                                                                              | BTNU_driver/BTNU_driv                                |                4 |              8 |         2.00 |
|  clk_20MHz/inst/clk_out1         | UUT/CPU_PHY/TMP_reg_reg[7]_2[0]                                                                                                               | BTNU_driver/BTNU_driv                                |                2 |              8 |         4.00 |
|  clk_20MHz/inst/clk_out1         | UUT/CPU_PHY/TMP_reg_reg[6]_27[0]                                                                                                              | BTNU_driver/BTNU_driv                                |                4 |              8 |         2.00 |
|  clk_20MHz/inst/clk_out1         | UUT/CPU_PHY/TMP_reg_reg[6]_31[0]                                                                                                              | BTNU_driver/BTNU_driv                                |                5 |              8 |         1.60 |
|  clk_20MHz/inst/clk_out1         | UUT/CPU_PHY/TMP_reg_reg[6]_16[0]                                                                                                              | BTNU_driver/BTNU_driv                                |                2 |              8 |         4.00 |
|  clk_20MHz/inst/clk_out1         | UUT/CPU_PHY/TMP_reg_reg[6]_24[0]                                                                                                              | BTNU_driver/BTNU_driv                                |                1 |              8 |         8.00 |
|  clk_20MHz/inst/clk_out1         | UUT/CPU_PHY/TMP_reg_reg[6]_10[0]                                                                                                              | BTNU_driver/BTNU_driv                                |                3 |              8 |         2.67 |
|  clk_20MHz/inst/clk_out1         | UUT/CPU_PHY/TMP_reg_reg[6]_26[0]                                                                                                              | BTNU_driver/BTNU_driv                                |                2 |              8 |         4.00 |
|  clk_20MHz/inst/clk_out1         | UUT/CPU_PHY/TMP_reg_reg[6]_18[0]                                                                                                              | BTNU_driver/BTNU_driv                                |                2 |              8 |         4.00 |
|  clk_20MHz/inst/clk_out1         | UUT/CPU_PHY/TMP_reg_reg[6]_7[0]                                                                                                               | BTNU_driver/BTNU_driv                                |                2 |              8 |         4.00 |
|  clk_20MHz/inst/clk_out1         | UUT/CPU_PHY/TMP_reg_reg[6]_0[0]                                                                                                               | BTNU_driver/BTNU_driv                                |                7 |              8 |         1.14 |
|  clk_20MHz/inst/clk_out1         | UUT/CPU_PHY/TMP_reg_reg[6]_13[0]                                                                                                              | BTNU_driver/BTNU_driv                                |                2 |              8 |         4.00 |
|  clk_20MHz/inst/clk_out1         | UUT/CPU_PHY/TMP_reg_reg[6]_32[0]                                                                                                              | BTNU_driver/BTNU_driv                                |                5 |              8 |         1.60 |
|  clk_20MHz/inst/clk_out1         | UUT/CPU_PHY/TMP_reg_reg[6]_6[0]                                                                                                               | BTNU_driver/BTNU_driv                                |                3 |              8 |         2.67 |
|  clk_20MHz/inst/clk_out1         | UUT/CPU_PHY/Write_en_reg_0[0]                                                                                                                 | BTNU_driver/BTNU_driv                                |                4 |              8 |         2.00 |
|  clk_20MHz/inst/clk_out1         | UUT/CPU_PHY/Write_en_reg_1[0]                                                                                                                 | BTNU_driver/BTNU_driv                                |                3 |              8 |         2.67 |
|  clk_20MHz/inst/clk_out1         | UUT/CPU_PHY/TMP_reg_reg[6]_20[0]                                                                                                              | BTNU_driver/BTNU_driv                                |                4 |              8 |         2.00 |
|  clk_20MHz/inst/clk_out1         | UUT/CPU_PHY/Write_en_reg_16[0]                                                                                                                | BTNU_driver/BTNU_driv                                |                2 |              8 |         4.00 |
|  clk_20MHz/inst/clk_out1         | UUT/CPU_PHY/Write_en_reg_5[0]                                                                                                                 | BTNU_driver/BTNU_driv                                |                3 |              8 |         2.67 |
|  clk_20MHz/inst/clk_out1         | UUT/TERNA_PHY/RS232_PHY/Receiver/E[0]                                                                                                         | BTNU_driver/BTNU_driv                                |                2 |              8 |         4.00 |
|  clk_20MHz/inst/clk_out1         | UUT/CPU_PHY/Write_en_reg_18[0]                                                                                                                | BTNU_driver/BTNU_driv                                |                3 |              8 |         2.67 |
|  clk_20MHz/inst/clk_out1         | UUT/CPU_PHY/Write_en_reg_7[0]                                                                                                                 | BTNU_driver/BTNU_driv                                |                3 |              8 |         2.67 |
|  clk_20MHz/inst/clk_out1         | UUT/CPU_PHY/Write_en_reg_13[0]                                                                                                                | BTNU_driver/BTNU_driv                                |                1 |              8 |         8.00 |
|  clk_20MHz/inst/clk_out1         | UUT/CPU_PHY/Write_en_reg_4[0]                                                                                                                 | BTNU_driver/BTNU_driv                                |                4 |              8 |         2.00 |
|  clk_20MHz/inst/clk_out1         | UUT/CPU_PHY/Write_en_reg_6[0]                                                                                                                 | BTNU_driver/BTNU_driv                                |                5 |              8 |         1.60 |
|  clk_20MHz/inst/clk_out1         | UUT/CPU_PHY/contents_ram[116][7]_i_2_1[0]                                                                                                     | BTNU_driver/BTNU_driv                                |                3 |              8 |         2.67 |
|  clk_20MHz/inst/clk_out1         | UUT/CPU_PHY/Write_en_reg_8[0]                                                                                                                 | BTNU_driver/BTNU_driv                                |                2 |              8 |         4.00 |
|  clk_20MHz/inst/clk_out1         | UUT/CPU_PHY/Write_en_reg_9[0]                                                                                                                 | BTNU_driver/BTNU_driv                                |                2 |              8 |         4.00 |
|  clk_20MHz/inst/clk_out1         | UUT/CPU_PHY/Write_en_reg_3[0]                                                                                                                 | BTNU_driver/BTNU_driv                                |                1 |              8 |         8.00 |
|  clk_20MHz/inst/clk_out1         | UUT/CPU_PHY/Write_en_reg_17[0]                                                                                                                | BTNU_driver/BTNU_driv                                |                3 |              8 |         2.67 |
|  clk_20MHz/inst/clk_out1         | UUT/CPU_PHY/contents_ram[116][7]_i_2_0[0]                                                                                                     | BTNU_driver/BTNU_driv                                |                2 |              8 |         4.00 |
|  clk_20MHz/inst/clk_out1         | UUT/CPU_PHY/Write_en_reg_14[0]                                                                                                                | BTNU_driver/BTNU_driv                                |                2 |              8 |         4.00 |
|  clk_20MHz/inst/clk_out1         | UUT/CPU_PHY/Write_en_reg_19[0]                                                                                                                | BTNU_driver/BTNU_driv                                |                2 |              8 |         4.00 |
|  clk_20MHz/inst/clk_out1         | UUT/CPU_PHY/contents_ram[119][7]_i_2_1[0]                                                                                                     | BTNU_driver/BTNU_driv                                |                4 |              8 |         2.00 |
|  clk_20MHz/inst/clk_out1         | UUT/CPU_PHY/contents_ram[119][7]_i_2_2[0]                                                                                                     | BTNU_driver/BTNU_driv                                |                4 |              8 |         2.00 |
|  clk_20MHz/inst/clk_out1         | UUT/CPU_PHY/contents_ram[120][7]_i_2_1[0]                                                                                                     | BTNU_driver/BTNU_driv                                |                2 |              8 |         4.00 |
|  clk_20MHz/inst/clk_out1         | UUT/CPU_PHY/Write_en_reg_20[0]                                                                                                                | BTNU_driver/BTNU_driv                                |                3 |              8 |         2.67 |
|  clk_20MHz/inst/clk_out1         | UUT/CPU_PHY/btn_out_reg[0]                                                                                                                    |                                                      |                5 |              8 |         1.60 |
|  clk_20MHz/inst/clk_out1         | UUT/CPU_PHY/contents_ram[117][7]_i_2_0[0]                                                                                                     | BTNU_driver/BTNU_driv                                |                4 |              8 |         2.00 |
|  clk_20MHz/inst/clk_out1         | UUT/CPU_PHY/contents_ram[119][7]_i_2_0[0]                                                                                                     | BTNU_driver/BTNU_driv                                |                3 |              8 |         2.67 |
|  clk_20MHz/inst/clk_out1         | UUT/CPU_PHY/Write_en_reg_2[0]                                                                                                                 | BTNU_driver/BTNU_driv                                |                2 |              8 |         4.00 |
|  clk_20MHz/inst/clk_out1         | UUT/CPU_PHY/contents_ram[119][7]_i_2_3[0]                                                                                                     | BTNU_driver/BTNU_driv                                |                5 |              8 |         1.60 |
|  clk_20MHz/inst/clk_out1         | UUT/CPU_PHY/contents_ram[120][7]_i_2_0[0]                                                                                                     | BTNU_driver/BTNU_driv                                |                3 |              8 |         2.67 |
|  clk_20MHz/inst/clk_out1         | UUT/CPU_PHY/contents_ram[116][7]_i_2_2[0]                                                                                                     | BTNU_driver/BTNU_driv                                |                4 |              8 |         2.00 |
|  clk_20MHz/inst/clk_out1         | UUT/CPU_PHY/contents_ram[223][7]_i_2_2[0]                                                                                                     | BTNU_driver/BTNU_driv                                |                5 |              8 |         1.60 |
|  clk_20MHz/inst/clk_out1         | UUT/CPU_PHY/contents_ram[252][7]_i_3_15[0]                                                                                                    | BTNU_driver/BTNU_driv                                |                3 |              8 |         2.67 |
|  clk_20MHz/inst/clk_out1         | UUT/CPU_PHY/contents_ram[127][7]_i_2_0[0]                                                                                                     | BTNU_driver/BTNU_driv                                |                2 |              8 |         4.00 |
|  clk_20MHz/inst/clk_out1         | UUT/CPU_PHY/contents_ram[15][7]_i_2_3[0]                                                                                                      | BTNU_driver/BTNU_driv                                |                4 |              8 |         2.00 |
|  clk_20MHz/inst/clk_out1         | UUT/CPU_PHY/contents_ram[204][7]_i_2_0[0]                                                                                                     | BTNU_driver/BTNU_driv                                |                3 |              8 |         2.67 |
|  clk_20MHz/inst/clk_out1         | UUT/CPU_PHY/contents_ram[120][7]_i_2_7[0]                                                                                                     | BTNU_driver/BTNU_driv                                |                2 |              8 |         4.00 |
|  clk_20MHz/inst/clk_out1         | UUT/CPU_PHY/contents_ram[201][7]_i_2_0[0]                                                                                                     | BTNU_driver/BTNU_driv                                |                4 |              8 |         2.00 |
|  clk_20MHz/inst/clk_out1         | UUT/CPU_PHY/contents_ram[120][7]_i_2_6[0]                                                                                                     | BTNU_driver/BTNU_driv                                |                2 |              8 |         4.00 |
|  clk_20MHz/inst/clk_out1         | UUT/CPU_PHY/contents_ram[120][7]_i_2_3[0]                                                                                                     | BTNU_driver/BTNU_driv                                |                2 |              8 |         4.00 |
|  clk_20MHz/inst/clk_out1         | UUT/CPU_PHY/contents_ram[120][7]_i_2_5[0]                                                                                                     | BTNU_driver/BTNU_driv                                |                2 |              8 |         4.00 |
|  clk_20MHz/inst/clk_out1         | UUT/CPU_PHY/contents_ram[19][7]_i_3_4[0]                                                                                                      | BTNU_driver/BTNU_driv                                |                3 |              8 |         2.67 |
|  clk_20MHz/inst/clk_out1         | UUT/CPU_PHY/contents_ram[120][7]_i_2_2[0]                                                                                                     | BTNU_driver/BTNU_driv                                |                2 |              8 |         4.00 |
|  clk_20MHz/inst/clk_out1         | UUT/CPU_PHY/contents_ram[19][7]_i_3_3[0]                                                                                                      | BTNU_driver/BTNU_driv                                |                4 |              8 |         2.00 |
|  clk_20MHz/inst/clk_out1         | UUT/CPU_PHY/contents_ram[223][7]_i_2_0[0]                                                                                                     | BTNU_driver/BTNU_driv                                |                3 |              8 |         2.67 |
|  clk_20MHz/inst/clk_out1         | UUT/CPU_PHY/contents_ram[239][7]_i_2_0[0]                                                                                                     | BTNU_driver/BTNU_driv                                |                4 |              8 |         2.00 |
|  clk_20MHz/inst/clk_out1         | UUT/CPU_PHY/contents_ram[239][7]_i_2_2[0]                                                                                                     | BTNU_driver/BTNU_driv                                |                3 |              8 |         2.67 |
|  clk_20MHz/inst/clk_out1         | UUT/CPU_PHY/contents_ram[248][7]_i_2_0[0]                                                                                                     | BTNU_driver/BTNU_driv                                |                2 |              8 |         4.00 |
|  clk_20MHz/inst/clk_out1         | UUT/CPU_PHY/contents_ram[185][7]_i_2_0[0]                                                                                                     | BTNU_driver/BTNU_driv                                |                4 |              8 |         2.00 |
|  clk_20MHz/inst/clk_out1         | UUT/CPU_PHY/contents_ram[16][7]_i_6_1[0]                                                                                                      | BTNU_driver/BTNU_driv                                |                3 |              8 |         2.67 |
|  clk_20MHz/inst/clk_out1         | UUT/CPU_PHY/contents_ram[19][7]_i_3_5[0]                                                                                                      | BTNU_driver/BTNU_driv                                |                2 |              8 |         4.00 |
|  clk_20MHz/inst/clk_out1         | UUT/CPU_PHY/contents_ram[250][7]_i_2_1[0]                                                                                                     | BTNU_driver/BTNU_driv                                |                4 |              8 |         2.00 |
|  clk_20MHz/inst/clk_out1         | UUT/CPU_PHY/contents_ram[18][7]_i_3_0[0]                                                                                                      | BTNU_driver/BTNU_driv                                |                4 |              8 |         2.00 |
|  clk_20MHz/inst/clk_out1         | UUT/CPU_PHY/contents_ram[16][7]_i_4_0[0]                                                                                                      | BTNU_driver/BTNU_driv                                |                2 |              8 |         4.00 |
|  clk_20MHz/inst/clk_out1         | UUT/CPU_PHY/contents_ram[250][7]_i_2_2[0]                                                                                                     | BTNU_driver/BTNU_driv                                |                3 |              8 |         2.67 |
|  clk_20MHz/inst/clk_out1         | UUT/CPU_PHY/contents_ram[127][7]_i_2_1[0]                                                                                                     | BTNU_driver/BTNU_driv                                |                3 |              8 |         2.67 |
|  clk_20MHz/inst/clk_out1         | UUT/CPU_PHY/contents_ram[17][7]_i_2_4[0]                                                                                                      | BTNU_driver/BTNU_driv                                |                2 |              8 |         4.00 |
|  clk_20MHz/inst/clk_out1         | UUT/CPU_PHY/contents_ram[17][7]_i_2_0[0]                                                                                                      | BTNU_driver/BTNU_driv                                |                5 |              8 |         1.60 |
|  clk_20MHz/inst/clk_out1         | UUT/CPU_PHY/contents_ram[187][7]_i_2_1[0]                                                                                                     | BTNU_driver/BTNU_driv                                |                4 |              8 |         2.00 |
|  clk_20MHz/inst/clk_out1         | UUT/CPU_PHY/contents_ram[187][7]_i_2_0[0]                                                                                                     | BTNU_driver/BTNU_driv                                |                4 |              8 |         2.00 |
|  clk_20MHz/inst/clk_out1         | UUT/CPU_PHY/contents_ram[19][7]_i_3_2[0]                                                                                                      | BTNU_driver/BTNU_driv                                |                2 |              8 |         4.00 |
|  clk_20MHz/inst/clk_out1         | UUT/CPU_PHY/contents_ram[223][7]_i_2_3[0]                                                                                                     | BTNU_driver/BTNU_driv                                |                4 |              8 |         2.00 |
|  clk_20MHz/inst/clk_out1         | UUT/CPU_PHY/contents_ram[239][7]_i_2_1[0]                                                                                                     | BTNU_driver/BTNU_driv                                |                2 |              8 |         4.00 |
|  clk_20MHz/inst/clk_out1         | UUT/CPU_PHY/contents_ram[223][7]_i_2_1[0]                                                                                                     | BTNU_driver/BTNU_driv                                |                5 |              8 |         1.60 |
|  clk_20MHz/inst/clk_out1         | UUT/CPU_PHY/contents_ram[250][7]_i_2_0[0]                                                                                                     | BTNU_driver/BTNU_driv                                |                2 |              8 |         4.00 |
|  clk_20MHz/inst/clk_out1         | UUT/CPU_PHY/contents_ram[159][7]_i_2_0[0]                                                                                                     | BTNU_driver/BTNU_driv                                |                7 |              8 |         1.14 |
|  clk_20MHz/inst/clk_out1         | UUT/CPU_PHY/contents_ram[17][7]_i_2_3[0]                                                                                                      | BTNU_driver/BTNU_driv                                |                1 |              8 |         8.00 |
|  clk_20MHz/inst/clk_out1         | UUT/CPU_PHY/contents_ram[16][7]_i_6_0[0]                                                                                                      | BTNU_driver/BTNU_driv                                |                5 |              8 |         1.60 |
|  clk_20MHz/inst/clk_out1         | UUT/CPU_PHY/contents_ram[201][7]_i_2_1[0]                                                                                                     | BTNU_driver/BTNU_driv                                |                3 |              8 |         2.67 |
|  clk_20MHz/inst/clk_out1         | UUT/CPU_PHY/contents_ram[19][7]_i_3_6[0]                                                                                                      | BTNU_driver/BTNU_driv                                |                2 |              8 |         4.00 |
|  clk_20MHz/inst/clk_out1         | UUT/CPU_PHY/contents_ram[120][7]_i_2_4[0]                                                                                                     | BTNU_driver/BTNU_driv                                |                4 |              8 |         2.00 |
|  clk_20MHz/inst/clk_out1         | UUT/CPU_PHY/contents_ram[222][7]_i_2_1[0]                                                                                                     | BTNU_driver/BTNU_driv                                |                2 |              8 |         4.00 |
|  clk_20MHz/inst/clk_out1         | UUT/CPU_PHY/contents_ram[235][7]_i_2_0[0]                                                                                                     | BTNU_driver/BTNU_driv                                |                2 |              8 |         4.00 |
|  clk_20MHz/inst/clk_out1         | UUT/CPU_PHY/contents_ram[238][7]_i_2_0[0]                                                                                                     | BTNU_driver/BTNU_driv                                |                2 |              8 |         4.00 |
|  clk_20MHz/inst/clk_out1         | UUT/CPU_PHY/contents_ram[187][7]_i_2_2[0]                                                                                                     | BTNU_driver/BTNU_driv                                |                1 |              8 |         8.00 |
|  clk_20MHz/inst/clk_out1         | UUT/CPU_PHY/contents_ram[222][7]_i_2_0[0]                                                                                                     | BTNU_driver/BTNU_driv                                |                4 |              8 |         2.00 |
|  clk_20MHz/inst/clk_out1         | UUT/CPU_PHY/contents_ram[17][7]_i_2_1[0]                                                                                                      | BTNU_driver/BTNU_driv                                |                4 |              8 |         2.00 |
|  clk_20MHz/inst/clk_out1         | UUT/CPU_PHY/contents_ram[251][7]_i_2_0[0]                                                                                                     | BTNU_driver/BTNU_driv                                |                2 |              8 |         4.00 |
|  clk_20MHz/inst/clk_out1         | UUT/CPU_PHY/contents_ram[251][7]_i_3_0[0]                                                                                                     | BTNU_driver/BTNU_driv                                |                2 |              8 |         4.00 |
|  clk_20MHz/inst/clk_out1         | UUT/CPU_PHY/contents_ram[252][7]_i_3_0[0]                                                                                                     | BTNU_driver/BTNU_driv                                |                3 |              8 |         2.67 |
|  clk_20MHz/inst/clk_out1         | UUT/CPU_PHY/contents_ram[19][7]_i_3_1[0]                                                                                                      | BTNU_driver/BTNU_driv                                |                3 |              8 |         2.67 |
|  clk_20MHz/inst/clk_out1         | UUT/CPU_PHY/contents_ram[231][7]_i_2_0[0]                                                                                                     | BTNU_driver/BTNU_driv                                |                6 |              8 |         1.33 |
|  clk_20MHz/inst/clk_out1         | UUT/CPU_PHY/contents_ram[252][7]_i_3_1[0]                                                                                                     | BTNU_driver/BTNU_driv                                |                2 |              8 |         4.00 |
|  clk_20MHz/inst/clk_out1         | UUT/CPU_PHY/contents_ram[252][7]_i_3_10[0]                                                                                                    | BTNU_driver/BTNU_driv                                |                4 |              8 |         2.00 |
|  clk_20MHz/inst/clk_out1         | UUT/CPU_PHY/contents_ram[252][7]_i_3_11[0]                                                                                                    | BTNU_driver/BTNU_driv                                |                2 |              8 |         4.00 |
|  clk_20MHz/inst/clk_out1         | UUT/CPU_PHY/contents_ram[16][7]_i_6_2[0]                                                                                                      | BTNU_driver/BTNU_driv                                |                3 |              8 |         2.67 |
|  clk_20MHz/inst/clk_out1         | UUT/CPU_PHY/contents_ram[16][7]_i_4_1[0]                                                                                                      | BTNU_driver/BTNU_driv                                |                4 |              8 |         2.00 |
|  clk_20MHz/inst/clk_out1         | UUT/CPU_PHY/contents_ram[252][7]_i_3_12[0]                                                                                                    | BTNU_driver/BTNU_driv                                |                2 |              8 |         4.00 |
|  clk_20MHz/inst/clk_out1         | UUT/CPU_PHY/contents_ram[15][7]_i_2_2[0]                                                                                                      | BTNU_driver/BTNU_driv                                |                5 |              8 |         1.60 |
|  clk_20MHz/inst/clk_out1         | UUT/CPU_PHY/contents_ram[252][7]_i_3_13[0]                                                                                                    | BTNU_driver/BTNU_driv                                |                3 |              8 |         2.67 |
|  clk_20MHz/inst/clk_out1         | UUT/CPU_PHY/contents_ram[252][7]_i_3_14[0]                                                                                                    | BTNU_driver/BTNU_driv                                |                3 |              8 |         2.67 |
|  clk_20MHz/inst/clk_out1         | UUT/CPU_PHY/contents_ram[17][7]_i_2_2[0]                                                                                                      | BTNU_driver/BTNU_driv                                |                3 |              8 |         2.67 |
|  clk_20MHz/inst/clk_out1         | UUT/CPU_PHY/contents_ram[204][7]_i_2_1[0]                                                                                                     | BTNU_driver/BTNU_driv                                |                4 |              8 |         2.00 |
|  clk_20MHz/inst/clk_out1         | UUT/CPU_PHY/contents_ram[53][7]_i_2_4[0]                                                                                                      | BTNU_driver/BTNU_driv                                |                2 |              8 |         4.00 |
|  clk_20MHz/inst/clk_out1         | UUT/CPU_PHY/contents_ram[254][7]_i_6_5[0]                                                                                                     | BTNU_driver/BTNU_driv                                |                3 |              8 |         2.67 |
|  clk_20MHz/inst/clk_out1         | UUT/CPU_PHY/contents_ram[63][7]_i_3_0[0]                                                                                                      | BTNU_driver/BTNU_driv                                |                2 |              8 |         4.00 |
|  clk_20MHz/inst/clk_out1         | UUT/CPU_PHY/contents_ram[63][7]_i_4_0[0]                                                                                                      | BTNU_driver/BTNU_driv                                |                2 |              8 |         4.00 |
|  clk_20MHz/inst/clk_out1         | UUT/CPU_PHY/contents_ram[252][7]_i_3_20[0]                                                                                                    | BTNU_driver/BTNU_driv                                |                4 |              8 |         2.00 |
|  clk_20MHz/inst/clk_out1         | UUT/CPU_PHY/contents_ram[53][7]_i_2_2[0]                                                                                                      | BTNU_driver/BTNU_driv                                |                1 |              8 |         8.00 |
|  clk_20MHz/inst/clk_out1         | UUT/CPU_PHY/contents_ram[254][7]_i_4_0[0]                                                                                                     | BTNU_driver/BTNU_driv                                |                5 |              8 |         1.60 |
|  clk_20MHz/inst/clk_out1         | UUT/CPU_PHY/contents_ram[255][7]_i_3_0[0]                                                                                                     | BTNU_driver/BTNU_driv                                |                2 |              8 |         4.00 |
|  clk_20MHz/inst/clk_out1         | UUT/CPU_PHY/contents_ram[254][7]_i_4_2[0]                                                                                                     | BTNU_driver/BTNU_driv                                |                1 |              8 |         8.00 |
|  clk_20MHz/inst/clk_out1         | UUT/CPU_PHY/contents_ram[252][7]_i_3_2[0]                                                                                                     | BTNU_driver/BTNU_driv                                |                2 |              8 |         4.00 |
|  clk_20MHz/inst/clk_out1         | UUT/CPU_PHY/contents_ram[254][7]_i_6_10[0]                                                                                                    | BTNU_driver/BTNU_driv                                |                3 |              8 |         2.67 |
|  clk_20MHz/inst/clk_out1         | UUT/CPU_PHY/contents_ram[252][7]_i_4_3[0]                                                                                                     | BTNU_driver/BTNU_driv                                |                2 |              8 |         4.00 |
|  clk_20MHz/inst/clk_out1         | UUT/CPU_PHY/contents_ram[254][7]_i_7_1[0]                                                                                                     | BTNU_driver/BTNU_driv                                |                3 |              8 |         2.67 |
|  clk_20MHz/inst/clk_out1         | UUT/CPU_PHY/contents_ram[252][7]_i_4_2[0]                                                                                                     | BTNU_driver/BTNU_driv                                |                2 |              8 |         4.00 |
|  clk_20MHz/inst/clk_out1         | UUT/CPU_PHY/contents_ram[254][7]_i_2_1[0]                                                                                                     | BTNU_driver/BTNU_driv                                |                3 |              8 |         2.67 |
|  clk_20MHz/inst/clk_out1         | UUT/CPU_PHY/contents_ram[254][7]_i_6_6[0]                                                                                                     | BTNU_driver/BTNU_driv                                |                2 |              8 |         4.00 |
|  clk_20MHz/inst/clk_out1         | UUT/CPU_PHY/contents_ram[254][7]_i_7_3[0]                                                                                                     | BTNU_driver/BTNU_driv                                |                2 |              8 |         4.00 |
|  clk_20MHz/inst/clk_out1         | UUT/CPU_PHY/contents_ram[252][7]_i_4_0[0]                                                                                                     | BTNU_driver/BTNU_driv                                |                5 |              8 |         1.60 |
|  clk_20MHz/inst/clk_out1         | UUT/CPU_PHY/contents_ram[252][7]_i_3_4[0]                                                                                                     | BTNU_driver/BTNU_driv                                |                4 |              8 |         2.00 |
|  clk_20MHz/inst/clk_out1         | UUT/CPU_PHY/contents_ram[252][7]_i_3_5[0]                                                                                                     | BTNU_driver/BTNU_driv                                |                2 |              8 |         4.00 |
|  clk_20MHz/inst/clk_out1         | UUT/CPU_PHY/contents_ram[254][7]_i_2_0[0]                                                                                                     | BTNU_driver/BTNU_driv                                |                1 |              8 |         8.00 |
|  clk_20MHz/inst/clk_out1         | UUT/CPU_PHY/contents_ram[254][7]_i_6_4[0]                                                                                                     | BTNU_driver/BTNU_driv                                |                4 |              8 |         2.00 |
|  clk_20MHz/inst/clk_out1         | UUT/CPU_PHY/contents_ram[254][7]_i_7_4[0]                                                                                                     | BTNU_driver/BTNU_driv                                |                2 |              8 |         4.00 |
|  clk_20MHz/inst/clk_out1         | UUT/CPU_PHY/contents_ram[252][7]_i_3_3[0]                                                                                                     | BTNU_driver/BTNU_driv                                |                2 |              8 |         4.00 |
|  clk_20MHz/inst/clk_out1         | UUT/CPU_PHY/contents_ram[254][7]_i_4_1[0]                                                                                                     | BTNU_driver/BTNU_driv                                |                4 |              8 |         2.00 |
|  clk_20MHz/inst/clk_out1         | UUT/CPU_PHY/contents_ram[254][7]_i_5_0[0]                                                                                                     | BTNU_driver/BTNU_driv                                |                2 |              8 |         4.00 |
|  clk_20MHz/inst/clk_out1         | UUT/CPU_PHY/contents_ram[254][7]_i_6_0[0]                                                                                                     | BTNU_driver/BTNU_driv                                |                2 |              8 |         4.00 |
|  clk_20MHz/inst/clk_out1         | UUT/CPU_PHY/contents_ram[254][7]_i_6_13[0]                                                                                                    | BTNU_driver/BTNU_driv                                |                1 |              8 |         8.00 |
|  clk_20MHz/inst/clk_out1         | UUT/CPU_PHY/contents_ram[254][7]_i_6_7[0]                                                                                                     | BTNU_driver/BTNU_driv                                |                2 |              8 |         4.00 |
|  clk_20MHz/inst/clk_out1         | UUT/CPU_PHY/contents_ram[254][7]_i_7_7[0]                                                                                                     | BTNU_driver/BTNU_driv                                |                6 |              8 |         1.33 |
|  clk_20MHz/inst/clk_out1         | UUT/CPU_PHY/contents_ram[254][7]_i_7_8[0]                                                                                                     | BTNU_driver/BTNU_driv                                |                7 |              8 |         1.14 |
|  clk_20MHz/inst/clk_out1         | UUT/CPU_PHY/contents_ram[255][7]_i_3_1[0]                                                                                                     | BTNU_driver/BTNU_driv                                |                3 |              8 |         2.67 |
|  clk_20MHz/inst/clk_out1         | UUT/CPU_PHY/contents_ram[252][7]_i_3_19[0]                                                                                                    | BTNU_driver/BTNU_driv                                |                6 |              8 |         1.33 |
|  clk_20MHz/inst/clk_out1         | UUT/CPU_PHY/contents_ram[252][7]_i_3_6[0]                                                                                                     | BTNU_driver/BTNU_driv                                |                3 |              8 |         2.67 |
|  clk_20MHz/inst/clk_out1         | UUT/CPU_PHY/contents_ram[255][7]_i_3_2[0]                                                                                                     | BTNU_driver/BTNU_driv                                |                4 |              8 |         2.00 |
|  clk_20MHz/inst/clk_out1         | UUT/CPU_PHY/contents_ram[252][7]_i_3_8[0]                                                                                                     | BTNU_driver/BTNU_driv                                |                4 |              8 |         2.00 |
|  clk_20MHz/inst/clk_out1         | UUT/CPU_PHY/contents_ram[254][7]_i_6_8[0]                                                                                                     | BTNU_driver/BTNU_driv                                |                1 |              8 |         8.00 |
|  clk_20MHz/inst/clk_out1         | UUT/CPU_PHY/contents_ram[252][7]_i_3_18[0]                                                                                                    | BTNU_driver/BTNU_driv                                |                3 |              8 |         2.67 |
|  clk_20MHz/inst/clk_out1         | UUT/CPU_PHY/contents_ram[252][7]_i_4_1[0]                                                                                                     | BTNU_driver/BTNU_driv                                |                5 |              8 |         1.60 |
|  clk_20MHz/inst/clk_out1         | UUT/CPU_PHY/contents_ram[254][7]_i_6_1[0]                                                                                                     | BTNU_driver/BTNU_driv                                |                2 |              8 |         4.00 |
|  clk_20MHz/inst/clk_out1         | UUT/CPU_PHY/contents_ram[252][7]_i_3_17[0]                                                                                                    | BTNU_driver/BTNU_driv                                |                4 |              8 |         2.00 |
|  clk_20MHz/inst/clk_out1         | UUT/CPU_PHY/contents_ram[252][7]_i_3_7[0]                                                                                                     | BTNU_driver/BTNU_driv                                |                2 |              8 |         4.00 |
|  clk_20MHz/inst/clk_out1         | UUT/CPU_PHY/contents_ram[253][7]_i_2_0[0]                                                                                                     | BTNU_driver/BTNU_driv                                |                1 |              8 |         8.00 |
|  clk_20MHz/inst/clk_out1         | UUT/CPU_PHY/contents_ram[254][7]_i_6_12[0]                                                                                                    | BTNU_driver/BTNU_driv                                |                2 |              8 |         4.00 |
|  clk_20MHz/inst/clk_out1         | UUT/CPU_PHY/contents_ram[254][7]_i_6_9[0]                                                                                                     | BTNU_driver/BTNU_driv                                |                5 |              8 |         1.60 |
|  clk_20MHz/inst/clk_out1         | UUT/CPU_PHY/contents_ram[254][7]_i_7_2[0]                                                                                                     | BTNU_driver/BTNU_driv                                |                2 |              8 |         4.00 |
|  clk_20MHz/inst/clk_out1         | UUT/CPU_PHY/contents_ram[254][7]_i_7_5[0]                                                                                                     | BTNU_driver/BTNU_driv                                |                1 |              8 |         8.00 |
|  clk_20MHz/inst/clk_out1         | UUT/CPU_PHY/contents_ram[39][7]_i_3_0[0]                                                                                                      | BTNU_driver/BTNU_driv                                |                2 |              8 |         4.00 |
|  clk_20MHz/inst/clk_out1         | UUT/CPU_PHY/contents_ram[253][7]_i_3_0[0]                                                                                                     | BTNU_driver/BTNU_driv                                |                3 |              8 |         2.67 |
|  UUT/CPU_PHY/INS_reg_reg[5]_4[0] |                                                                                                                                               |                                                      |                4 |              9 |         2.25 |
|  n_0_1256_BUFG                   |                                                                                                                                               |                                                      |                6 |              9 |         1.50 |
|  clk_20MHz/inst/clk_out1         | UUT/CPU_PHY/Address_reg[0]_2[0]                                                                                                               | BTNU_driver/BTNU_driv                                |                3 |              9 |         3.00 |
|  clk_20MHz/inst/clk_out1         | UUT/CPU_PHY/Address_reg[1]_22[0]                                                                                                              | BTNU_driver/BTNU_driv                                |                5 |              9 |         1.80 |
|  clk_20MHz/inst/clk_out1         | UUT/CPU_PHY/Address_reg[1]_20[0]                                                                                                              | BTNU_driver/BTNU_driv                                |                4 |              9 |         2.25 |
|  UUT/CPU_PHY/INS_reg_reg[5]_5[0] |                                                                                                                                               |                                                      |                3 |              9 |         3.00 |
|  clk_20MHz/inst/clk_out1         | UUT/CPU_PHY/Address_reg[1]_21[0]                                                                                                              | BTNU_driver/BTNU_driv                                |                4 |              9 |         2.25 |
|  clk_20MHz/inst/clk_out1         | UUT/CPU_PHY/INS_reg_reg[0]_8[0]                                                                                                               | BTNU_driver/BTNU_driv                                |                3 |              9 |         3.00 |
|  clk_20MHz/inst/clk_out1         | UUT/CPU_PHY/Write_en_reg_15[0]                                                                                                                | BTNU_driver/BTNU_driv                                |                5 |              9 |         1.80 |
|  clk_20MHz/inst/clk_out1         | UUT/CPU_PHY/contents_ram[19][7]_i_3_0[0]                                                                                                      | BTNU_driver/BTNU_driv                                |                2 |              9 |         4.50 |
|  clk_20MHz/inst/clk_out1         | UUT/CPU_PHY/contents_ram[16][7]_i_6_3[0]                                                                                                      | BTNU_driver/BTNU_driv                                |                3 |              9 |         3.00 |
|  clk_20MHz/inst/clk_out1         | UUT/CPU_PHY/PC_reg_tmp                                                                                                                        | BTNU_driver/BTNU_driv                                |                6 |             16 |         2.67 |
|  clk_20MHz/inst/clk_out1         | UUT/TERNA_PHY/RS232_PHY/Transmitter/data_count_0                                                                                              | BTNU_driver/BTNU_driv                                |                9 |             32 |         3.56 |
|  clk_20MHz/inst/clk_out1         | UUT/TERNA_PHY/RS232_PHY/Transmitter/pulse_width[0]_i_1_n_1                                                                                    | BTNU_driver/BTNU_driv                                |                8 |             32 |         4.00 |
|  clk_20MHz/inst/clk_out1         | UUT/TERNA_PHY/RS232_PHY/Receiver/data_count                                                                                                   | BTNU_driver/BTNU_driv                                |               18 |             32 |         1.78 |
|  clk_20MHz/inst/clk_out1         | UUT/TERNA_PHY/RS232_PHY/Receiver/pulse_width                                                                                                  | BTNU_driver/BTNU_driv                                |                9 |             32 |         3.56 |
|  clk_20MHz/inst/clk_out1         |                                                                                                                                               | BTNU_driver/BTNU_driv                                |               35 |             80 |         2.29 |
+----------------------------------+-----------------------------------------------------------------------------------------------------------------------------------------------+------------------------------------------------------+------------------+----------------+--------------+


